INFO    : Since no target was supplied, we will use "course".

INFO    : Building target course
INFO    : XSL conversion of /home/cservant/Dropbox/SVSU/Semester Materials/Quizzes-and-Tests/source/main.ptx by /home/cservant/.ptx/2.51.0/core/xsl/utilities/pretext-enhanced-source.xsl
INFO    : successful application of /home/cservant/.ptx/2.51.0/core/xsl/utilities/pretext-enhanced-source.xsl
INFO    : discovering source file's directory name: /home/cservant/Dropbox/SVSU/Semester Materials/Quizzes-and-Tests/source
INFO    : verifying and expanding input directory: /home/cservant/Dropbox/SVSU/Semester Materials/Quizzes-and-Tests/source/../assets
INFO    : input directory expanded to absolute path: /home/cservant/Dropbox/SVSU/Semester Materials/Quizzes-and-Tests/assets
INFO    : Generating any needed assets.
INFO    : Finished generating assets.

INFO    : Preparing to build into /home/cservant/Dropbox/SVSU/Semester Materials/Quizzes-and-Tests/output/course.
INFO    : XSL conversion of /home/cservant/Dropbox/SVSU/Semester Materials/Quizzes-and-Tests/source/main.ptx by /home/cservant/.ptx/2.51.0/core/xsl/utilities/report-publisher-variables.xsl
INFO    : successful application of /home/cservant/.ptx/2.51.0/core/xsl/utilities/report-publisher-variables.xsl
INFO    : Downloading rs services file from https://runestone.academy/cdn/runestone/latest/webpack_static_imports.xml.
INFO    : Runestone Services via online CDN query: version 8.2.10
INFO    : Downloading Runestone Services, version 8.2.10
INFO    : Extracting Runestone Services from archive file
INFO    : Building custom css theme: theme-salem
INFO    : converting /home/cservant/Dropbox/SVSU/Semester Materials/Quizzes-and-Tests/source/main.ptx to HTML in /tmp/ptx-yf_tnpqq
INFO    : XSL conversion of /home/cservant/Dropbox/SVSU/Semester Materials/Quizzes-and-Tests/source/main.ptx by /home/cservant/.ptx/2.51.0/core/xsl/pretext-html.xsl
INFO    : messages from the log for XSL processing (prefaced with a *):
INFO    : * PTX:INFO:   checking all deprecated elements.
WARNING : * PTX:DEPRECATE: (2026-08-20) an "ol" is no longer a child of an "exercise" "statement"; a list belongs inside a "p".  We will wrap it for you, and lettered exercise parts will letter as before.  Please convert: structure true parts with "task", letter a plain list with marker="(a)", or consider an "exercisegroup" and its cols attribute for a compact multi-column layout (1 time)
INFO    : *              located at: pretext/book/chapter/worksheet/exercise/statement/ol
INFO    : *              located within: "ex-quiz-basic-probabilities-strep-test" (xml:id)
INFO    : * --------------
INFO    : successful application of /home/cservant/.ptx/2.51.0/core/xsl/pretext-html.xsl
INFO    : Removing temporary directory /tmp/ptx-yf_tnpqq
INFO    : Removing temporary directory /tmp/ptx-bquhpv_x
INFO    : 
Finished build for target course. Run `pretext view course` to see the results.

INFO    : 
Success!  Built requested target(s) without errors.

INFO    : 
