INFO    : Staging deployment according to strategy pelican_default
INFO    : Staging `course` at `/home/cservant/Dropbox/SVSU/Semester Materials/Quizzes-and-Tests/output/stage/course`.
INFO    : Staging generated site at `/home/cservant/Dropbox/SVSU/Semester Materials/Quizzes-and-Tests/output/stage`.
INFO    : XSL conversion of /home/cservant/Dropbox/SVSU/Semester Materials/Quizzes-and-Tests/source/main.ptx by /home/cservant/.ptx/2.51.0/core/xsl/utilities/pretext-enhanced-source.xsl
INFO    : successful application of /home/cservant/.ptx/2.51.0/core/xsl/utilities/pretext-enhanced-source.xsl
INFO    : Deployment is now staged at `/home/cservant/Dropbox/SVSU/Semester Materials/Quizzes-and-Tests/output/stage`.
INFO    : Preparing to deploy from active `main` git branch.

INFO    : Changes to project source since last commit detected.
WARNING : Don't forget to either add and commit the changes to your source with git, or run `pretext deploy -u` to have these changes updated automatically.
WARNING : Just deploying your built project will not save changes to your source on GitHub.`
INFO    : Committing your latest build to the `gh-pages` branch.
INFO    : 
INFO    : Attempting to connect to remote repository at `https://github.com/cservant03/Quizzes-and-Tests.git`...
INFO    : Latest build successfully pushed to GitHub!

INFO    : To enable GitHub Pages, visit
INFO    :     https://github.com/cservant03/Quizzes-and-Tests/settings/pages
INFO    : selecting the `gh-pages` branch with the `/ (root)` folder.

INFO    : Visit
INFO    :     https://github.com/cservant03/Quizzes-and-Tests/actions/
INFO    : to check on the status of your GitHub Pages deployment.

INFO    : Your built project will soon be available to the public at:
INFO    :     https://cservant03.github.io/Quizzes-and-Tests/
