WARNING : Using CLI version 2.52.3 but project's `requirements.txt`
WARNING : is configured to use 2.51.0. Consider either installing
WARNING : CLI version 2.51.0 or running `pretext update-project`
WARNING : to update `requirements.txt` and other managed files to match 2.52.3.
INFO    : Since no target was supplied, we will use "course".

INFO    : Building target course
INFO    : XSL conversion of /home/cservant/Dropbox/SVSU/Semester Materials/Quizzes-and-Tests/source/main.ptx by /home/cservant/.ptx/2.52.3/core/xsl/utilities/pretext-enhanced-source.xsl
INFO    : successful application of /home/cservant/.ptx/2.52.3/core/xsl/utilities/pretext-enhanced-source.xsl
INFO    : discovering source file's directory name: /home/cservant/Dropbox/SVSU/Semester Materials/Quizzes-and-Tests/source
INFO    : verifying and expanding input directory: /home/cservant/Dropbox/SVSU/Semester Materials/Quizzes-and-Tests/source/../assets
INFO    : input directory expanded to absolute path: /home/cservant/Dropbox/SVSU/Semester Materials/Quizzes-and-Tests/assets
INFO    : Generating any needed assets.
INFO    : Finished generating assets.

INFO    : Preparing to build into /home/cservant/Dropbox/SVSU/Semester Materials/Quizzes-and-Tests/output/course.
INFO    : XSL conversion of /home/cservant/Dropbox/SVSU/Semester Materials/Quizzes-and-Tests/source/main.ptx by /home/cservant/.ptx/2.52.3/core/xsl/utilities/report-publisher-variables.xsl
INFO    : successful application of /home/cservant/.ptx/2.52.3/core/xsl/utilities/report-publisher-variables.xsl
INFO    : Downloading rs services file from https://runestone.academy/cdn/runestone/latest/webpack_static_imports.xml.
INFO    : Runestone Services via online CDN query: version 8.3.2
INFO    : Downloading Runestone Services, version 8.3.2
INFO    : Extracting Runestone Services from archive file
INFO    : Building custom css theme: theme-salem
INFO    : converting /home/cservant/Dropbox/SVSU/Semester Materials/Quizzes-and-Tests/source/main.ptx to HTML in /tmp/ptx-q_fxf3pb
INFO    : XSL conversion of /home/cservant/Dropbox/SVSU/Semester Materials/Quizzes-and-Tests/source/main.ptx by /home/cservant/.ptx/2.52.3/core/xsl/pretext-html.xsl
INFO    : messages from the log for XSL processing (prefaced with a *):
INFO    : * PTX:INFO:   checking all deprecated elements.
WARNING : * PTX:DEPRECATE: (2026-08-20) an "ol" is no longer a child of an "exercise" "statement"; a list belongs inside a "p".  We will wrap it for you, and lettered exercise parts will letter as before.  Please convert: structure true parts with "task", letter a plain list with marker="(a)", or consider an "exercisegroup" and its cols attribute for a compact multi-column layout (8 times)
INFO    : *              located at: pretext/book/chapter/worksheet/exercise/statement/ol
INFO    : *              located within: "ex-quiz-basic-probabilities-strep-test" (xml:id)
INFO    : *              located within: "ex-quiz-basic-probabilities-att-2-class-grades" (xml:id)
INFO    : *              located within: "ex-quiz-cat-data-att-1-population-sample-variable" (xml:id)
INFO    : *              located within: "ex-quiz-cat-data-att-1-bike-rentals" (xml:id)
INFO    : *              located within: "ex-quiz-cat-data-att-1-rattlesnake-sightings" (xml:id)
INFO    : *              located within: "ex-quiz-basics-of-voting-majority" (xml:id)
INFO    : *              located within: "ex-quiz-basics-of-voting-condorcet" (xml:id)
INFO    : *              located within: "ex-quiz-basics-of-voting-monotonicity" (xml:id)
INFO    : * --------------
INFO    : successful application of /home/cservant/.ptx/2.52.3/core/xsl/pretext-html.xsl
INFO    : Removing temporary directory /tmp/ptx-q_fxf3pb
INFO    : Removing temporary directory /tmp/ptx-qwfstbqa
INFO    : 
Finished build for target course. Run `pretext view course` to see the results.

INFO    : 
Success!  Built requested target(s) without errors.

INFO    : 
