WARNING : Using CLI version 2.52.3 but project's `requirements.txt`
WARNING : is configured to use 2.51.0. Consider either installing
WARNING : CLI version 2.51.0 or running `pretext update-project`
WARNING : to update `requirements.txt` and other managed files to match 2.52.3.
INFO    : Since no target was supplied, we will use "course".

INFO    : Building target course
INFO    : XSL conversion of /home/cservant/Dropbox/SVSU/Semester Materials/Quizzes-and-Tests/source/main.ptx by /home/cservant/.ptx/2.52.3/core/xsl/utilities/pretext-enhanced-source.xsl
INFO    : successful application of /home/cservant/.ptx/2.52.3/core/xsl/utilities/pretext-enhanced-source.xsl
INFO    : discovering source file's directory name: /home/cservant/Dropbox/SVSU/Semester Materials/Quizzes-and-Tests/source
INFO    : verifying and expanding input directory: /home/cservant/Dropbox/SVSU/Semester Materials/Quizzes-and-Tests/source/../assets
INFO    : input directory expanded to absolute path: /home/cservant/Dropbox/SVSU/Semester Materials/Quizzes-and-Tests/assets
INFO    : Generating any needed assets.
INFO    : Finished generating assets.

INFO    : Preparing to build into /home/cservant/Dropbox/SVSU/Semester Materials/Quizzes-and-Tests/output/course.
INFO    : XSL conversion of /home/cservant/Dropbox/SVSU/Semester Materials/Quizzes-and-Tests/source/main.ptx by /home/cservant/.ptx/2.52.3/core/xsl/utilities/report-publisher-variables.xsl
INFO    : successful application of /home/cservant/.ptx/2.52.3/core/xsl/utilities/report-publisher-variables.xsl
INFO    : Downloading rs services file from https://runestone.academy/cdn/runestone/latest/webpack_static_imports.xml.
INFO    : Runestone Services via online CDN query: version 8.3.3
INFO    : Downloading Runestone Services, version 8.3.3
INFO    : Extracting Runestone Services from archive file
INFO    : Building custom css theme: theme-salem
INFO    : converting /home/cservant/Dropbox/SVSU/Semester Materials/Quizzes-and-Tests/source/main.ptx to HTML in /tmp/ptx-o4usmewb
INFO    : XSL conversion of /home/cservant/Dropbox/SVSU/Semester Materials/Quizzes-and-Tests/source/main.ptx by /home/cservant/.ptx/2.52.3/core/xsl/pretext-html.xsl
INFO    : messages from the log for XSL processing (prefaced with a *):
ERROR   : * PTX:ERROR: the @xml:id value "tutor-verification" should be unique, but is authored multiple times.
INFO    : *            Results will be unpredictable, and likely incorrect.  Information on the locations follows:
INFO    : *              located at: pretext/book/chapter
INFO    : *              located within: "tutor-verification" (xml:id), "Tutor Verification" (title)
INFO    : *              located at: pretext/book/chapter/pretext/article/assemblage
INFO    : * PTX:INFO:   checking all deprecated elements.
WARNING : * PTX:DEPRECATE: (2016-05-23) <br> can no longer be used to create multiline output; you may use <line> elements in select situations (1 time)
INFO    : *              located at: pretext/book/chapter/pretext/article/assemblage/p/br
INFO    : *              located within: "tutoring-session-information" (xml:id), "Tutoring Session Information" (title)
INFO    : * --------------
WARNING : * PTX:DEPRECATE: (2026-08-20) an "ol" is no longer a child of an "exercise" "statement"; a list belongs inside a "p".  We will wrap it for you, and lettered exercise parts will letter as before.  Please convert: structure true parts with "task", letter a plain list with marker="(a)", or consider an "exercisegroup" and its cols attribute for a compact multi-column layout (18 times)
INFO    : *              located at: pretext/book/chapter/worksheet/exercise/statement/ol
INFO    : *              located within: "ex-quiz-basic-probabilities-strep-test" (xml:id)
INFO    : *              located within: "ex-quiz-basic-probabilities-att-2-class-grades" (xml:id)
INFO    : *              located within: "ex-quiz-cat-data-att-1-population-sample-variable" (xml:id)
INFO    : *              located within: "ex-quiz-cat-data-att-1-bike-rentals" (xml:id)
INFO    : *              located within: "ex-quiz-cat-data-att-1-rattlesnake-sightings" (xml:id)
INFO    : *              located within: "ex-quiz-binomial-att-1-tail-probabilities" (xml:id)
INFO    : *              located within: "ex-quiz-binomial-att-1-allergy-sample" (xml:id)
INFO    : *              located within: "ex-quiz-binomial-att-1-chickenpox-history" (xml:id)
INFO    : *              located within: "ex-quiz-basics-of-voting-majority" (xml:id)
INFO    : *              located within: "ex-quiz-basics-of-voting-condorcet" (xml:id)
INFO    : *              located within: "ex-quiz-basics-of-voting-monotonicity" (xml:id)
INFO    : *              located within: "ex-quiz-basics-of-voting-att-2-ballots-majority" (xml:id)
INFO    : *              located within: "ex-quiz-basics-of-voting-att-2-irrelevant-alternative" (xml:id)
INFO    : *              located within: "ex-quiz-basics-of-voting-att-2-condorcet" (xml:id)
INFO    : *              located within: "ex-quiz-weighted-voting-att-1-quota" (xml:id)
INFO    : *              located within: "ex-quiz-weighted-voting-att-1-player-roles" (xml:id)
INFO    : *              located within: "ex-quiz-apportionment-att-1-divisor-quotas" (xml:id)
INFO    : *              located within: "ex-quiz-apportionment-att-1-quota-rule" (xml:id)
INFO    : successful application of /home/cservant/.ptx/2.52.3/core/xsl/pretext-html.xsl
INFO    : Removing temporary directory /tmp/ptx-o4usmewb
INFO    : Removing temporary directory /tmp/ptx-61kncd6b
INFO    : 
Finished build for target course. Run `pretext view course` to see the results.

FATAL   : There were errors during the build.  See above.
INFO    : ------------------------
exit    : Failed to build without errors.  Exiting...
INFO    : 
----------------------------------------------------
INFO    : While running pretext, the following errors occurred:

INFO    : (see log messages above or in the 'logs' folder for more information)
INFO    : ----------------------------------------------------
